
> pel-frontend-tanstack@0.0.0 build
> tsc -b && vite build

src/components/fleet/forms/assignment-form.tsx(54,5): error TS2322: Type 'Resolver<{ vehicleId: string; assignedTo: string; assignedBy: string; assignmentDate: string; returnDate?: string | null | undefined; purpose?: string | null | undefined; status?: string | undefined; }, any, { ...; }>' is not assignable to type 'Resolver<{ vehicleId: string; assignedTo: string; assignedBy: string; assignmentDate: string; status: string; returnDate?: string | null | undefined; purpose?: string | null | undefined; }, any, { ...; }>'.
  Types of parameters 'options' and 'options' are incompatible.
    Type 'ResolverOptions<{ vehicleId: string; assignedTo: string; assignedBy: string; assignmentDate: string; status: string; returnDate?: string | null | undefined; purpose?: string | null | undefined; }>' is not assignable to type 'ResolverOptions<{ vehicleId: string; assignedTo: string; assignedBy: string; assignmentDate: string; returnDate?: string | null | undefined; purpose?: string | null | undefined; status?: string | undefined; }>'.
      Type 'string | undefined' is not assignable to type 'string'.
        Type 'undefined' is not assignable to type 'string'.
src/components/fleet/forms/assignment-form.tsx(94,46): error TS2345: Argument of type 'TFieldValues' is not assignable to parameter of type '{ vehicleId: string; assignedTo: string; assignedBy: string; assignmentDate: string; status: string; returnDate?: string | null | undefined; purpose?: string | null | undefined; }'.
  Type 'FieldValues' is missing the following properties from type '{ vehicleId: string; assignedTo: string; assignedBy: string; assignmentDate: string; status: string; returnDate?: string | null | undefined; purpose?: string | null | undefined; }': vehicleId, assignedTo, assignedBy, assignmentDate, status
src/components/fleet/forms/fuel-form.tsx(54,5): error TS2322: Type 'Resolver<{ vehicleId: string; date: string; quantityLiters: any; ratePerLiter: any; totalCost: any; odometerReading: any; stationName?: string | null | undefined; paymentMethod?: string | undefined; }, any, { ...; }>' is not assignable to type 'Resolver<{ vehicleId: string; date: string; quantityLiters: number; ratePerLiter: number; totalCost: number; odometerReading: number; paymentMethod: string; stationName?: string | null | undefined; }, any, { ...; }>'.
  Types of parameters 'options' and 'options' are incompatible.
    Type 'ResolverOptions<{ vehicleId: string; date: string; quantityLiters: number; ratePerLiter: number; totalCost: number; odometerReading: number; paymentMethod: string; stationName?: string | null | undefined; }>' is not assignable to type 'ResolverOptions<{ vehicleId: string; date: string; quantityLiters: any; ratePerLiter: any; totalCost: any; odometerReading: any; stationName?: string | null | undefined; paymentMethod?: string | undefined; }>'.
      Type 'string | undefined' is not assignable to type 'string'.
        Type 'undefined' is not assignable to type 'string'.
src/components/fleet/forms/fuel-form.tsx(101,9): error TS2339: Property 'totalCost' does not exist on type 'TFieldValues'.
src/components/fleet/forms/fuel-form.tsx(102,14): error TS2345: Argument of type 'TFieldValues' is not assignable to parameter of type '{ vehicleId: string; date: string; quantityLiters: number; ratePerLiter: number; totalCost: number; odometerReading: number; paymentMethod: string; stationName?: string | null | undefined; }'.
  Type 'FieldValues' is missing the following properties from type '{ vehicleId: string; date: string; quantityLiters: number; ratePerLiter: number; totalCost: number; odometerReading: number; paymentMethod: string; stationName?: string | null | undefined; }': vehicleId, date, quantityLiters, ratePerLiter, and 3 more.
src/components/fleet/forms/maintenance-form.tsx(71,5): error TS2322: Type 'Resolver<{ vehicleId: string; maintenanceDate: string; costPkr: any; odometerAtMaintenanceKm: any; nextServiceOdometerKm: unknown; type?: string | undefined; description?: string | null | undefined; shopOrPerson?: string | ... 1 more ... | undefined; nextServiceDueDate?: string | ... 1 more ... | undefined; maintena...' is not assignable to type 'Resolver<{ vehicleId: string; maintenanceDate: string; type: string; costPkr: number; odometerAtMaintenanceKm: number; maintenanceBy: string; description?: string | null | undefined; shopOrPerson?: string | ... 1 more ... | undefined; nextServiceOdometerKm?: number | ... 1 more ... | undefined; nextServiceDueDate?: ...'.
  Types of parameters 'values' and 'values' are incompatible.
    Type '{ vehicleId: string; maintenanceDate: string; type: string; costPkr: number; odometerAtMaintenanceKm: number; maintenanceBy: string; description?: string | null | undefined; shopOrPerson?: string | ... 1 more ... | undefined; nextServiceOdometerKm?: number | ... 1 more ... | undefined; nextServiceDueDate?: string | ...' is not assignable to type '{ vehicleId: string; maintenanceDate: string; costPkr: any; odometerAtMaintenanceKm: any; nextServiceOdometerKm: unknown; type?: string | undefined; description?: string | null | undefined; shopOrPerson?: string | ... 1 more ... | undefined; nextServiceDueDate?: string | ... 1 more ... | undefined; maintenanceBy?: s...'.
      Property 'nextServiceOdometerKm' is optional in type '{ vehicleId: string; maintenanceDate: string; type: string; costPkr: number; odometerAtMaintenanceKm: number; maintenanceBy: string; description?: string | null | undefined; shopOrPerson?: string | ... 1 more ... | undefined; nextServiceOdometerKm?: number | ... 1 more ... | undefined; nextServiceDueDate?: string | ...' but required in type '{ vehicleId: string; maintenanceDate: string; costPkr: any; odometerAtMaintenanceKm: any; nextServiceOdometerKm: unknown; type?: string | undefined; description?: string | null | undefined; shopOrPerson?: string | ... 1 more ... | undefined; nextServiceDueDate?: string | ... 1 more ... | undefined; maintenanceBy?: s...'.
src/components/fleet/forms/maintenance-form.tsx(115,46): error TS2345: Argument of type 'TFieldValues' is not assignable to parameter of type '{ vehicleId: string; maintenanceDate: string; type: string; costPkr: number; odometerAtMaintenanceKm: number; maintenanceBy: string; description?: string | null | undefined; shopOrPerson?: string | ... 1 more ... | undefined; nextServiceOdometerKm?: number | ... 1 more ... | undefined; nextServiceDueDate?: string | ...'.
  Type 'FieldValues' is missing the following properties from type '{ vehicleId: string; maintenanceDate: string; type: string; costPkr: number; odometerAtMaintenanceKm: number; maintenanceBy: string; description?: string | null | undefined; shopOrPerson?: string | ... 1 more ... | undefined; nextServiceOdometerKm?: number | ... 1 more ... | undefined; nextServiceDueDate?: string | ...': vehicleId, maintenanceDate, type, costPkr, and 2 more.
src/components/fleet/forms/trip-form.tsx(68,5): error TS2322: Type 'Resolver<{ vehicleId: string; destination: string; tripDate: string; meterOut: unknown; meterIn: unknown; fuelAllottedLiters: unknown; fuelCostPkr: unknown; purposeOfVisit?: string | null | undefined; driverName?: string | null | undefined; alternativeDriverName?: string | ... 1 more ... | undefined; personTravelLis...' is not assignable to type 'Resolver<{ vehicleId: string; destination: string; tripDate: string; personTravelList: string[]; meterOut: number; status: string; purposeOfVisit?: string | null | undefined; driverName?: string | null | undefined; alternativeDriverName?: string | ... 1 more ... | undefined; meterIn?: number | ... 1 more ... | undef...'.
  Types of parameters 'values' and 'values' are incompatible.
    Type '{ vehicleId: string; destination: string; tripDate: string; personTravelList: string[]; meterOut: number; status: string; purposeOfVisit?: string | null | undefined; driverName?: string | null | undefined; alternativeDriverName?: string | ... 1 more ... | undefined; meterIn?: number | ... 1 more ... | undefined; fue...' is not assignable to type '{ vehicleId: string; destination: string; tripDate: string; meterOut: unknown; meterIn: unknown; fuelAllottedLiters: unknown; fuelCostPkr: unknown; purposeOfVisit?: string | null | undefined; driverName?: string | null | undefined; alternativeDriverName?: string | ... 1 more ... | undefined; personTravelList?: strin...'.
      Property 'meterIn' is optional in type '{ vehicleId: string; destination: string; tripDate: string; personTravelList: string[]; meterOut: number; status: string; purposeOfVisit?: string | null | undefined; driverName?: string | null | undefined; alternativeDriverName?: string | ... 1 more ... | undefined; meterIn?: number | ... 1 more ... | undefined; fue...' but required in type '{ vehicleId: string; destination: string; tripDate: string; meterOut: unknown; meterIn: unknown; fuelAllottedLiters: unknown; fuelCostPkr: unknown; purposeOfVisit?: string | null | undefined; driverName?: string | null | undefined; alternativeDriverName?: string | ... 1 more ... | undefined; personTravelList?: strin...'.
src/components/fleet/forms/trip-form.tsx(131,46): error TS2345: Argument of type 'TFieldValues' is not assignable to parameter of type '{ vehicleId: string; destination: string; tripDate: string; personTravelList: string[]; meterOut: number; status: string; purposeOfVisit?: string | null | undefined; driverName?: string | null | undefined; alternativeDriverName?: string | ... 1 more ... | undefined; meterIn?: number | ... 1 more ... | undefined; fue...'.
  Type 'FieldValues' is missing the following properties from type '{ vehicleId: string; destination: string; tripDate: string; personTravelList: string[]; meterOut: number; status: string; purposeOfVisit?: string | null | undefined; driverName?: string | null | undefined; alternativeDriverName?: string | ... 1 more ... | undefined; meterIn?: number | ... 1 more ... | undefined; fue...': vehicleId, destination, tripDate, personTravelList, and 2 more.
src/components/fleet/forms/vehicle-form.tsx(82,5): error TS2322: Type 'Resolver<{ registrationNumber: string; vehicleName: string; make?: string | undefined; model?: string | undefined; year?: unknown; type?: string | undefined; fuelType?: string | undefined; ownershipStatus?: string | undefined; status?: string | undefined; assignedSite?: string | ... 1 more ... | undefined; currentDr...' is not assignable to type 'Resolver<{ registrationNumber: string; vehicleName: string; type: string; fuelType: string; ownershipStatus: string; status: string; currentOdometerKm: number; make?: string | undefined; model?: string | undefined; year?: number | undefined; assignedSite?: string | ... 1 more ... | undefined; currentDriverName?: str...'.
  Types of parameters 'options' and 'options' are incompatible.
    Type 'ResolverOptions<{ registrationNumber: string; vehicleName: string; type: string; fuelType: string; ownershipStatus: string; status: string; currentOdometerKm: number; make?: string | undefined; model?: string | undefined; year?: number | undefined; assignedSite?: string | ... 1 more ... | undefined; currentDriverNam...' is not assignable to type 'ResolverOptions<{ registrationNumber: string; vehicleName: string; make?: string | undefined; model?: string | undefined; year?: unknown; type?: string | undefined; fuelType?: string | undefined; ownershipStatus?: string | undefined; status?: string | undefined; assignedSite?: string | ... 1 more ... | undefined; cu...'.
      Type 'string | undefined' is not assignable to type 'string'.
        Type 'undefined' is not assignable to type 'string'.
src/components/fleet/forms/vehicle-form.tsx(135,46): error TS2345: Argument of type 'TFieldValues' is not assignable to parameter of type '{ registrationNumber: string; vehicleName: string; type: string; fuelType: string; ownershipStatus: string; status: string; currentOdometerKm: number; make?: string | undefined; model?: string | undefined; year?: number | undefined; assignedSite?: string | ... 1 more ... | undefined; currentDriverName?: string | ......'.
  Type 'FieldValues' is missing the following properties from type '{ registrationNumber: string; vehicleName: string; type: string; fuelType: string; ownershipStatus: string; status: string; currentOdometerKm: number; make?: string | undefined; model?: string | undefined; year?: number | undefined; assignedSite?: string | ... 1 more ... | undefined; currentDriverName?: string | ......': registrationNumber, vehicleName, type, fuelType, and 3 more.
src/components/nav-user.tsx(76,42): error TS2339: Property 'avatar' does not exist on type 'User'.
src/components/nav-user.tsx(76,60): error TS2339: Property 'name' does not exist on type 'User'.
src/components/nav-user.tsx(80,64): error TS2339: Property 'name' does not exist on type 'User'.
src/components/views/hse-view.tsx(289,9): error TS2353: Object literal may only specify known properties, and 'outcome' does not exist in type 'SetStateAction<CreateDrillDto>'.
